Archive member included to satisfy reference by file (symbol)

c:/program files (x86)/atmel/studio/7.0/toolchain/avr8/avr8-gnu-toolchain/bin/../lib/gcc/avr/4.9.2/avrxmega2\libgcc.a(_udivmodhi4.o)
                              src/ASF/xmega/drivers/usb/usb_device.o (__udivmodhi4)
c:/program files (x86)/atmel/studio/7.0/toolchain/avr8/avr8-gnu-toolchain/bin/../lib/gcc/avr/4.9.2/avrxmega2\libgcc.a(_udivmodsi4.o)
                              src/ASF/xmega/drivers/spi/spi.o (__udivmodsi4)
c:/program files (x86)/atmel/studio/7.0/toolchain/avr8/avr8-gnu-toolchain/bin/../lib/gcc/avr/4.9.2/avrxmega2\libgcc.a(_exit.o)
                              C:/Program Files (x86)/Atmel/Studio/7.0/Packs/atmel/XMEGAA_DFP/1.1.68/gcc/dev/atxmega16a4u/avrxmega2/crtatxmega16a4u.o (exit)
c:/program files (x86)/atmel/studio/7.0/toolchain/avr8/avr8-gnu-toolchain/bin/../lib/gcc/avr/4.9.2/avrxmega2\libgcc.a(_tablejump2.o)
                              src/ASF/xmega/drivers/usb/usb_device.o (__tablejump2__)
c:/program files (x86)/atmel/studio/7.0/toolchain/avr8/avr8-gnu-toolchain/bin/../lib/gcc/avr/4.9.2/avrxmega2\libgcc.a(_copy_data.o)
                              src/ASF/common/services/usb/class/cdc/device/udi_cdc.o (__do_copy_data)
c:/program files (x86)/atmel/studio/7.0/toolchain/avr8/avr8-gnu-toolchain/bin/../lib/gcc/avr/4.9.2/avrxmega2\libgcc.a(_clear_bss.o)
                              src/ASF/common/services/usb/class/cdc/device/udi_cdc.o (__do_clear_bss)
c:/program files (x86)/atmel/studio/7.0/toolchain/avr8/avr8-gnu-toolchain/bin/../lib/gcc/avr/4.9.2/../../../../avr/lib/avrxmega2\libc.a(memcpy.o)
                              src/ASF/common/services/usb/class/cdc/device/udi_cdc.o (memcpy)
c:/program files (x86)/atmel/studio/7.0/toolchain/avr8/avr8-gnu-toolchain/bin/../lib/gcc/avr/4.9.2/../../../../avr/lib/avrxmega2\libc.a(strcpy.o)
                              src/CRC.o (strcpy)
c:/program files (x86)/atmel/studio/7.0/toolchain/avr8/avr8-gnu-toolchain/bin/../lib/gcc/avr/4.9.2/../../../../avr/lib/avrxmega2\libc.a(fdevopen.o)
                              src/ASF/common/utils/stdio/stdio_usb/stdio_usb.o (fdevopen)
c:/program files (x86)/atmel/studio/7.0/toolchain/avr8/avr8-gnu-toolchain/bin/../lib/gcc/avr/4.9.2/../../../../avr/lib/avrxmega2\libc.a(iob.o)
                              src/main.o (__iob)
c:/program files (x86)/atmel/studio/7.0/toolchain/avr8/avr8-gnu-toolchain/bin/../lib/gcc/avr/4.9.2/../../../../avr/lib/avrxmega2\libc.a(printf.o)
                              src/CRC.o (printf)
c:/program files (x86)/atmel/studio/7.0/toolchain/avr8/avr8-gnu-toolchain/bin/../lib/gcc/avr/4.9.2/../../../../avr/lib/avrxmega2\libc.a(putchar.o)
                              src/main.o (putchar)
c:/program files (x86)/atmel/studio/7.0/toolchain/avr8/avr8-gnu-toolchain/bin/../lib/gcc/avr/4.9.2/../../../../avr/lib/avrxmega2\libc.a(vfprintf_std.o)
                              c:/program files (x86)/atmel/studio/7.0/toolchain/avr8/avr8-gnu-toolchain/bin/../lib/gcc/avr/4.9.2/../../../../avr/lib/avrxmega2\libc.a(printf.o) (vfprintf)
c:/program files (x86)/atmel/studio/7.0/toolchain/avr8/avr8-gnu-toolchain/bin/../lib/gcc/avr/4.9.2/../../../../avr/lib/avrxmega2\libc.a(calloc.o)
                              c:/program files (x86)/atmel/studio/7.0/toolchain/avr8/avr8-gnu-toolchain/bin/../lib/gcc/avr/4.9.2/../../../../avr/lib/avrxmega2\libc.a(fdevopen.o) (calloc)
c:/program files (x86)/atmel/studio/7.0/toolchain/avr8/avr8-gnu-toolchain/bin/../lib/gcc/avr/4.9.2/../../../../avr/lib/avrxmega2\libc.a(malloc.o)
                              c:/program files (x86)/atmel/studio/7.0/toolchain/avr8/avr8-gnu-toolchain/bin/../lib/gcc/avr/4.9.2/../../../../avr/lib/avrxmega2\libc.a(calloc.o) (malloc)
c:/program files (x86)/atmel/studio/7.0/toolchain/avr8/avr8-gnu-toolchain/bin/../lib/gcc/avr/4.9.2/../../../../avr/lib/avrxmega2\libc.a(strnlen_P.o)
                              c:/program files (x86)/atmel/studio/7.0/toolchain/avr8/avr8-gnu-toolchain/bin/../lib/gcc/avr/4.9.2/../../../../avr/lib/avrxmega2\libc.a(vfprintf_std.o) (strnlen_P)
c:/program files (x86)/atmel/studio/7.0/toolchain/avr8/avr8-gnu-toolchain/bin/../lib/gcc/avr/4.9.2/../../../../avr/lib/avrxmega2\libc.a(memset.o)
                              c:/program files (x86)/atmel/studio/7.0/toolchain/avr8/avr8-gnu-toolchain/bin/../lib/gcc/avr/4.9.2/../../../../avr/lib/avrxmega2\libc.a(calloc.o) (memset)
c:/program files (x86)/atmel/studio/7.0/toolchain/avr8/avr8-gnu-toolchain/bin/../lib/gcc/avr/4.9.2/../../../../avr/lib/avrxmega2\libc.a(strnlen.o)
                              c:/program files (x86)/atmel/studio/7.0/toolchain/avr8/avr8-gnu-toolchain/bin/../lib/gcc/avr/4.9.2/../../../../avr/lib/avrxmega2\libc.a(vfprintf_std.o) (strnlen)
c:/program files (x86)/atmel/studio/7.0/toolchain/avr8/avr8-gnu-toolchain/bin/../lib/gcc/avr/4.9.2/../../../../avr/lib/avrxmega2\libc.a(fputc.o)
[...]
Memory Configuration

Name             Origin             Length             Attributes
text             0x00000000         0x00100000         xr
data             0x00802000         0x0000ffa0         rw !x
eeprom           0x00810000         0x00010000         rw !x
fuse             0x00820000         0x00000006         rw !x
lock             0x00830000         0x00000400         rw !x
signature        0x00840000         0x00000400         rw !x
user_signatures  0x00850000         0x00000400         rw !x
*default*        0x00000000         0xffffffff

Linker script and memory map

LOAD C:/Program Files (x86)/Atmel/Studio/7.0/Packs/atmel/XMEGAA_DFP/1.1.68/gcc/dev/atxmega16a4u/avrxmega2/crtatxmega16a4u.o
LOAD src/ASF/common/services/ioport/xmega/ioport_compat.o
LOAD src/ASF/common/services/spi/xmega_spi/spi_master.o
LOAD src/ASF/common/services/usb/class/cdc/device/udi_cdc.o
LOAD src/ASF/common/services/usb/udc/udc.o
LOAD src/ASF/common/utils/stdio/read.o
LOAD src/ASF/common/utils/stdio/stdio_usb/stdio_usb.o
LOAD src/ASF/xmega/drivers/spi/spi.o
LOAD src/ASF/xmega/drivers/usb/usb_device.o
LOAD src/ASF/common/utils/stdio/write.o
LOAD src/ASF/common/services/usb/class/cdc/device/udi_cdc_desc.o
LOAD src/ASF/common/services/sleepmgr/xmega/sleepmgr.o
LOAD src/ASF/common/services/clock/xmega/sysclk.o
LOAD src/ASF/xmega/drivers/nvm/nvm.o
LOAD src/ASF/xmega/drivers/nvm/nvm_asm.o
LOAD src/ASF/xmega/drivers/cpu/ccp.o
LOAD src/ASF/common/boards/user_board/init.o
LOAD src/CRC.o
LOAD src/main.o
START GROUP
LOAD c:/program files (x86)/atmel/studio/7.0/toolchain/avr8/avr8-gnu-toolchain/bin/../lib/gcc/avr/4.9.2/../../../../avr/lib/avrxmega2\libm.a
END GROUP
START GROUP
LOAD c:/program files (x86)/atmel/studio/7.0/toolchain/avr8/avr8-gnu-toolchain/bin/../lib/gcc/avr/4.9.2/avrxmega2\libgcc.a
LOAD c:/program files (x86)/atmel/studio/7.0/toolchain/avr8/avr8-gnu-toolchain/bin/../lib/gcc/avr/4.9.2/../../../../avr/lib/avrxmega2\libm.a
LOAD c:/program files (x86)/atmel/studio/7.0/toolchain/avr8/avr8-gnu-toolchain/bin/../lib/gcc/avr/4.9.2/../../../../avr/lib/avrxmega2\libc.a
LOAD C:/Program Files (x86)/Atmel/Studio/7.0/Packs/atmel/XMEGAA_DFP/1.1.68/gcc/dev/atxmega16a4u/avrxmega2\libatxmega16a4u.a
END GROUP
                0x00100000                __TEXT_REGION_LENGTH__ = DEFINED (__TEXT_REGION_LENGTH__)?__TEXT_REGION_LENGTH__:0x100000
                0x0000ffa0                __DATA_REGION_LENGTH__ = DEFINED (__DATA_REGION_LENGTH__)?__DATA_REGION_LENGTH__:0xffa0
                0x00010000                __EEPROM_REGION_LENGTH__ = DEFINED (__EEPROM_REGION_LENGTH__)?__EEPROM_REGION_LENGTH__:0x10000
                [0x00000006]                __FUSE_REGION_LENGTH__ = DEFINED (__FUSE_REGION_LENGTH__)?__FUSE_REGION_LENGTH__:0x400
                0x00000400                __LOCK_REGION_LENGTH__ = DEFINED (__LOCK_REGION_LENGTH__)?__LOCK_REGION_LENGTH__:0x400
                0x00000400                __SIGNATURE_REGION_LENGTH__ = DEFINED (__SIGNATURE_REGION_LENGTH__)?__SIGNATURE_REGION_LENGTH__:0x400
                0x00000400                __USER_SIGNATURE_REGION_LENGTH__ = DEFINED (__USER_SIGNATURE_REGION_LENGTH__)?__USER_SIGNATURE_REGION_LENGTH__:0x400

.hash
 *(.hash)

.dynsym
 *(.dynsym)

.dynstr
 *(.dynstr)

.gnu.version
 *(.gnu.version)

.gnu.version_d
 *(.gnu.version_d)

.gnu.version_r
 *(.gnu.version_r)

.rel.init
 *(.rel.init)

.rela.init
 *(.rela.init)

.rel.text
 *(.rel.text)
 *(.rel.text.*)
 *(.rel.gnu.linkonce.t*)

.rela.text
 *(.rela.text)
 *(.rela.text.*)
 *(.rela.gnu.linkonce.t*)

.rel.fini
 *(.rel.fini)

.rela.fini
 *(.rela.fini)

.rel.rodata
 *(.rel.rodata)
 *(.rel.rodata.*)
 *(.rel.gnu.linkonce.r*)

.rela.rodata
 *(.rela.rodata)
 *(.rela.rodata.*)
 *(.rela.gnu.linkonce.r*)

.rel.data
 *(.rel.data)
 *(.rel.data.*)
 *(.rel.gnu.linkonce.d*)

.rela.data
 *(.rela.data)
 *(.rela.data.*)
 *(.rela.gnu.linkonce.d*)

.rel.ctors
 *(.rel.ctors)

.rela.ctors
 *(.rela.ctors)

.rel.dtors
 *(.rel.dtors)

.rela.dtors
 *(.rela.dtors)

.rel.got
 *(.rel.got)

.rela.got
 *(.rela.got)

.rel.bss
 *(.rel.bss)

.rela.bss
 *(.rela.bss)

.rel.plt
 *(.rel.plt)

.rela.plt
 *(.rela.plt)

.text           0x00000000     0x251e
 *(.vectors)
 .vectors       0x00000000      0x1fc C:/Program Files (x86)/Atmel/Studio/7.0/Packs/atmel/XMEGAA_DFP/1.1.68/gcc/dev/atxmega16a4u/avrxmega2/crtatxmega16a4u.o
                0x00000000                __vector_default
                0x00000000                __vectors
 *(.vectors)
 *(.progmem.gcc*)
 .progmem.gcc_sw_table.udd_ep_get_size
                0x000001fc        0xe src/ASF/xmega/drivers/usb/usb_device.o
                0x0000020a                . = ALIGN (0x2)
                0x0000020a                __trampolines_start = .
 *(.trampolines)
 .trampolines   0x0000020a        0x0 linker stubs
 *(.trampolines*)
                0x0000020a                __trampolines_end = .
 *libprintf_flt.a:*(.progmem.data)
 *libc.a:*(.progmem.data)
 *(.progmem*)
                0x0000020a                . = ALIGN (0x2)
 *(.jumptables)
 *(.jumptables*)
 *(.lowtext)
 *(.lowtext*)
                0x0000020a                __ctors_start = .
 *(.ctors)
                0x0000020a                __ctors_end = .
                0x0000020a                __dtors_start = .
 *(.dtors)
                0x0000020a                __dtors_end = .
 SORT(*)(.ctors)
 SORT(*)(.dtors)
 *(.init0)
 .init0         0x0000020a        0x0 C:/Program Files (x86)/Atmel/Studio/7.0/Packs/atmel/XMEGAA_DFP/1.1.68/gcc/dev/atxmega16a4u/avrxmega2/crtatxmega16a4u.o
                0x0000020a                __init
 *(.init0)
 *(.init1)
 *(.init1)
 *(.init2)
 .init2         0x0000020a        0xc C:/Program Files (x86)/Atmel/Studio/7.0/Packs/atmel/XMEGAA_DFP/1.1.68/gcc/dev/atxmega16a4u/avrxmega2/crtatxmega16a4u.o
 *(.init2)
 *(.init3)
 *(.init3)
 *(.init4)
 .init4         0x00000216       0x16 c:/program files (x86)/atmel/studio/7.0/toolchain/avr8/avr8-gnu-toolchain/bin/../lib/gcc/avr/4.9.2/avrxmega2\libgcc.a(_copy_data.o)
                0x00000216                __do_copy_data
 .init4         0x0000022c       0x10 c:/program files (x86)/atmel/studio/7.0/toolchain/avr8/avr8-gnu-toolchain/bin/../lib/gcc/avr/4.9.2/avrxmega2\libgcc.a(_clear_bss.o)
                0x0000022c                __do_clear_bss
 *(.init4)
 *(.init5)
 *(.init5)
 *(.init6)
 *(.init6)
 *(.init7)
 *(.init7)
 *(.init8)
 *(.init8)
 *(.init9)
 .init9         0x0000023c        0x8 C:/Program Files (x86)/Atmel/Studio/7.0/Packs/atmel/XMEGAA_DFP/1.1.68/gcc/dev/atxmega16a4u/avrxmega2/crtatxmega16a4u.o
 *(.init9)
 *(.text)
 .text          0x00000244        0x2 C:/Program Files (x86)/Atmel/Studio/7.0/Packs/atmel/XMEGAA_DFP/1.1.68/gcc/dev/atxmega16a4u/avrxmega2/crtatxmega16a4u.o
                0x00000244                __vector_38
                0x00000244                __vector_104
                0x00000244                __vector_22
                0x00000244                __vector_63
                0x00000244                __vector_28
                0x00000244                __vector_67
                0x00000244                __vector_1
                0x00000244                __vector_119
                0x00000244                __vector_32
                0x00000244                __vector_75
                0x00000244                __vector_71
                0x00000244                __vector_91
                0x00000244                __vector_34
                0x00000244                __vector_62
                0x00000244                __vector_77
                0x00000244                __vector_102
                0x00000244                __vector_12
                0x00000244                __vector_55
                0x00000244                __vector_69
                0x00000244                __vector_81
                0x00000244                __vector_90
                0x00000244                __vector_46
                0x00000244                __bad_interrupt
                0x00000244                __vector_122
                0x00000244                __vector_72
                0x00000244                __vector_114
                0x00000244                __vector_6
                0x00000244                __vector_110
                0x00000244                __vector_31
                0x00000244                __vector_92
                0x00000244                __vector_35
                0x00000244                __vector_78
                0x00000244                __vector_74
                0x00000244                __vector_117
                0x00000244                __vector_39
                0x00000244                __vector_107
                0x00000244                __vector_3
                0x00000244                __vector_105
                0x00000244                __vector_98
                0x00000244                __vector_23
                0x00000244                __vector_68
                0x00000244                __vector_30
                0x00000244                __vector_73
                0x00000244                __vector_45
                0x00000244                __vector_25
                0x00000244                __vector_93
                0x00000244                __vector_61
                0x00000244                __vector_11
                0x00000244                __vector_54
                0x00000244                __vector_99
                0x00000244                __vector_13
                0x00000244                __vector_17
                0x00000244                __vector_19
                0x00000244                __vector_56
                0x00000244                __vector_7
                0x00000244                __vector_49
                0x00000244                __vector_123
                0x00000244                __vector_41
                0x00000244                __vector_86
                0x00000244                __vector_100
                0x00000244                __vector_101
                0x00000244                __vector_64
                0x00000244                __vector_88
                0x00000244                __vector_109
                0x00000244                __vector_43
                0x00000244                __vector_27
                0x00000244                __vector_5
                0x00000244                __vector_113
                0x00000244                __vector_33
                0x00000244                __vector_76
                0x00000244                __vector_115
                0x00000244                __vector_47
                0x00000244                __vector_52
                0x00000244                __vector_37
                0x00000244                __vector_95
                0x00000244                __vector_103
                0x00000244                __vector_96
                0x00000244                __vector_89
                0x00000244                __vector_108
                0x00000244                __vector_4
                0x00000244                __vector_44
                0x00000244                __vector_82
                0x00000244                __vector_106
                0x00000244                __vector_118
                0x00000244                __vector_51
                0x00000244                __vector_9
                0x00000244                __vector_2
                0x00000244                __vector_21
                0x00000244                __vector_15
                0x00000244                __vector_66
                0x00000244                __vector_36
                0x00000244                __vector_79
                0x00000244                __vector_58
                0x00000244                __vector_70
                0x00000244                __vector_83
                0x00000244                __vector_29
                0x00000244                __vector_60
                0x00000244                __vector_121
                0x00000244                __vector_40
                0x00000244                __vector_85
                0x00000244                __vector_94
                0x00000244                __vector_8
                0x00000244                __vector_26
                0x00000244                __vector_48
                0x00000244                __vector_124
                0x00000244                __vector_116
                0x00000244                __vector_112
                0x00000244                __vector_111
                0x00000244                __vector_80
                0x00000244                __vector_84
                0x00000244                __vector_57
                0x00000244                __vector_53
                0x00000244                __vector_10
                0x00000244                __vector_50
                0x00000244                __vector_16
                0x00000244                __vector_59
                0x00000244                __vector_18
                0x00000244                __vector_97
                0x00000244                __vector_20
                0x00000244                __vector_42
                0x00000244                __vector_87
                0x00000244                __vector_65
                0x00000244                __vector_120
                0x00000246                . = ALIGN (0x2)
 *(.text.*)
 .text.udi_cdc_comm_disable
                0x00000246        0xc src/ASF/common/services/usb/class/cdc/device/udi_cdc.o
                0x00000246                udi_cdc_comm_disable
 .text.udi_cdc_data_setup
                0x00000252        0x4 src/ASF/common/services/usb/class/cdc/device/udi_cdc.o
                0x00000252                udi_cdc_data_setup
 .text.udi_cdc_getsetting
                0x00000256        0x4 src/ASF/common/services/usb/class/cdc/device/udi_cdc.o
                0x00000256                udi_cdc_getsetting
 .text.udi_cdc_comm_setup
                0x0000025a       0x94 src/ASF/common/services/usb/class/cdc/device/udi_cdc.o
                0x0000025a                udi_cdc_comm_setup
 .text.udi_cdc_line_coding_received
                0x000002ee        0x2 src/ASF/common/services/usb/class/cdc/device/udi_cdc.o
 .text.udi_cdc_comm_enable
                0x000002f0       0x5a src/ASF/common/services/usb/class/cdc/device/udi_cdc.o
                0x000002f0                udi_cdc_comm_enable
 .text.udi_cdc_tx_send
                0x0000034a      0x15e src/ASF/common/services/usb/class/cdc/device/udi_cdc.o
 .text.udi_cdc_data_sent
                0x000004a8       0x30 src/ASF/common/services/usb/class/cdc/device/udi_cdc.o
 .text.udi_cdc_data_sof_notify
                0x000004d8        0x6 src/ASF/common/services/usb/class/cdc/device/udi_cdc.o
                0x000004d8                udi_cdc_data_sof_notify
 .text.udi_cdc_data_disable
                0x000004de       0x16 src/ASF/common/services/usb/class/cdc/device/udi_cdc.o
                0x000004de                udi_cdc_data_disable
 .text.udi_cdc_multi_get_nb_received_data
                0x000004f4       0x3a src/ASF/common/services/usb/class/cdc/device/udi_cdc.o
                0x000004f4                udi_cdc_multi_get_nb_received_data
 .text.udi_cdc_multi_is_rx_ready
                0x0000052e        0xe src/ASF/common/services/usb/class/cdc/device/udi_cdc.o
                0x0000052e                udi_cdc_multi_is_rx_ready
 .text.udi_cdc_rx_start
                0x0000053c       0x9a src/ASF/common/services/usb/class/cdc/device/udi_cdc.o
 .text.udi_cdc_data_enable
                0x000005d6       0x64 src/ASF/common/services/usb/class/cdc/device/udi_cdc.o
                0x000005d6                udi_cdc_data_enable
 .text.udi_cdc_data_received
                0x0000063a       0x5e src/ASF/common/services/usb/class/cdc/device/udi_cdc.o
 .text.udc_next_desc_in_iface
                0x00000698       0x64 src/ASF/common/services/usb/udc/udc.o
 .text.udc_valid_address
                0x000006fc        0xa src/ASF/common/services/usb/udc/udc.o
 .text.udc_update_iface_desc
                0x00000706       0x74 src/ASF/common/services/usb/udc/udc.o
 .text.udc_iface_disable
                0x0000077a       0x84 src/ASF/common/services/usb/udc/udc.o
 .text.udc_iface_enable
                0x000007fe       0x64 src/ASF/common/services/usb/udc/udc.o
 .text.udc_reset
                0x00000862       0x4e src/ASF/common/services/usb/udc/udc.o
                0x00000862                udc_reset
 .text.udc_sof_notify
                0x000008b0       0x60 src/ASF/common/services/usb/udc/udc.o
                0x000008b0                udc_sof_notify
 .text.udc_process_setup
                0x00000910      0x4e0 src/ASF/common/services/usb/udc/udc.o
                0x00000910                udc_process_setup
 .text.stdio_usb_enable
                0x00000df0        0x8 src/ASF/common/utils/stdio/stdio_usb/stdio_usb.o
                0x00000df0                stdio_usb_enable
 .text.stdio_usb_disable
                0x00000df8        0x6 src/ASF/common/utils/stdio/stdio_usb/stdio_usb.o
                0x00000df8                stdio_usb_disable
 .text.udd_sleep_mode
                0x00000dfe       0x6e src/ASF/xmega/drivers/usb/usb_device.o
 .text.udd_ctrl_init
                0x00000e6c       0x4a src/ASF/xmega/drivers/usb/usb_device.o
 .text.udd_ctrl_stall_data
                0x00000eb6       0x1c src/ASF/xmega/drivers/usb/usb_device.o
 .text.udd_ctrl_send_zlp_in
                0x00000ed2       0x1c src/ASF/xmega/drivers/usb/usb_device.o
 .text.udd_ctrl_endofrequest
                0x00000eee       0x10 src/ASF/xmega/drivers/usb/usb_device.o
 .text.udd_ctrl_in_sent
                0x00000efe       0xd8 src/ASF/xmega/drivers/usb/usb_device.o
 .text.udd_ep_get_size
                0x00000fd6       0x4c src/ASF/xmega/drivers/usb/usb_device.o
 .text.udd_ep_get_job
                0x00001022       0x36 src/ASF/xmega/drivers/usb/usb_device.o
 .text.udd_ctrl_interrupt_tc_setup
                0x00001058       0xe2 src/ASF/xmega/drivers/usb/usb_device.o
 .text.udd_ep_trans_complet
                0x0000113a      0x2fa src/ASF/xmega/drivers/usb/usb_device.o
 .text.udd_is_high_speed
                0x00001434        0x4 src/ASF/xmega/drivers/usb/usb_device.o
                0x00001434                udd_is_high_speed
 .text.udd_set_address
                0x00001438        0x6 src/ASF/xmega/drivers/usb/usb_device.o
                0x00001438                udd_set_address
 .text.udd_getaddress
                0x0000143e        0x6 src/ASF/xmega/drivers/usb/usb_device.o
                0x0000143e                udd_getaddress
 .text.udd_get_frame_number
                0x00001444        0xa src/ASF/xmega/drivers/usb/usb_device.o
                0x00001444                udd_get_frame_number
 .text.udd_get_micro_frame_number
                0x0000144e        0x6 src/ASF/xmega/drivers/usb/usb_device.o
                0x0000144e                udd_get_micro_frame_number
 .text.udd_set_setup_payload
                0x00001454        0xe src/ASF/xmega/drivers/usb/usb_device.o
                0x00001454                udd_set_setup_payload
 .text.udd_ep_alloc
                0x00001462      0x110 src/ASF/xmega/drivers/usb/usb_device.o
                0x00001462                udd_ep_alloc
 .text.udd_ep_is_halted
                0x00001572       0x36 src/ASF/xmega/drivers/usb/usb_device.o
                0x00001572                udd_ep_is_halted
 .text.udd_ep_clear_halt
                0x000015a8       0x6e src/ASF/xmega/drivers/usb/usb_device.o
                0x000015a8                udd_ep_clear_halt
 .text.udd_ep_run
                0x00001616      0x18e src/ASF/xmega/drivers/usb/usb_device.o
                0x00001616                udd_ep_run
 .text.udd_ep_abort
                0x000017a4       0x92 src/ASF/xmega/drivers/usb/usb_device.o
                0x000017a4                udd_ep_abort
 .text.udd_ep_free
                0x00001836       0x38 src/ASF/xmega/drivers/usb/usb_device.o
                0x00001836                udd_ep_free
 .text.udd_ep_set_halt
                0x0000186e       0x3a src/ASF/xmega/drivers/usb/usb_device.o
                0x0000186e                udd_ep_set_halt
 .text.__vector_125
                0x000018a8      0x168 src/ASF/xmega/drivers/usb/usb_device.o
                0x000018a8                __vector_125
 .text.__vector_126
                0x00001a10      0x1e8 src/ASF/xmega/drivers/usb/usb_device.o
                0x00001a10                __vector_126
 .text.sysclk_enable_module
                0x00001bf8       0x2c src/ASF/common/services/clock/xmega/sysclk.o
                0x00001bf8                sysclk_enable_module
 .text.board_init
                0x00001c24       0x28 src/ASF/common/boards/user_board/init.o
                0x00001c24                board_init
 .text.SPI_init
                0x00001c4c       0x2e src/ASF/common/boards/user_board/init.o
                0x00001c4c                SPI_init
 .text.Timer_init
                0x00001c7a       0x1c src/ASF/common/boards/user_board/init.o
                0x00001c7a                Timer_init
 .text.uart_putchar
                0x00001c96       0x22 src/main.o
 .text.setUp16MhzExternalOsc
                0x00001cb8       0x3a src/main.o
                0x00001cb8                setUp16MhzExternalOsc
 .text.main     0x00001cf2      0x202 src/main.o
                0x00001cf2                main
 .text.__vector_24
                0x00001ef4       0x52 src/main.o
                0x00001ef4                __vector_24
 .text.__vector_14
                0x00001f46       0x1e src/main.o
                0x00001f46                __vector_14
 .text.libgcc.div
                0x00001f64       0x28 c:/program files (x86)/atmel/studio/7.0/toolchain/avr8/avr8-gnu-toolchain/bin/../lib/gcc/avr/4.9.2/avrxmega2\libgcc.a(_udivmodhi4.o)
                0x00001f64                __udivmodhi4
 .text.libgcc   0x00001f8c        0xc c:/program files (x86)/atmel/studio/7.0/toolchain/avr8/avr8-gnu-toolchain/bin/../lib/gcc/avr/4.9.2/avrxmega2\libgcc.a(_tablejump2.o)
                0x00001f8c                __tablejump2__
 .text.avr-libc
                0x00001f98       0x12 c:/program files (x86)/atmel/studio/7.0/toolchain/avr8/avr8-gnu-toolchain/bin/../lib/gcc/avr/4.9.2/../../../../avr/lib/avrxmega2\libc.a(memcpy.o)
                0x00001f98                memcpy
 .text.avr-libc
                0x00001faa       0x26 c:/program files (x86)/atmel/studio/7.0/toolchain/avr8/avr8-gnu-toolchain/bin/../lib/gcc/avr/4.9.2/../../../../avr/lib/avrxmega2\libc.a(printf.o)
                0x00001faa                printf
 .text.avr-libc
                0x00001fd0        0xa c:/program files (x86)/atmel/studio/7.0/toolchain/avr8/avr8-gnu-toolchain/bin/../lib/gcc/avr/4.9.2/../../../../avr/lib/avrxmega2\libc.a(putchar.o)
                0x00001fd0                putchar
 .text.avr-libc
                0x00001fda      0x386 c:/program files (x86)/atmel/studio/7.0/toolchain/avr8/avr8-gnu-toolchain/bin/../lib/gcc/avr/4.9.2/../../../../avr/lib/avrxmega2\libc.a(vfprintf_std.o)
                0x00001fda                vfprintf
 .text.avr-libc
                0x00002360       0x16 c:/program files (x86)/atmel/studio/7.0/toolchain/avr8/avr8-gnu-toolchain/bin/../lib/gcc/avr/4.9.2/../../../../avr/lib/avrxmega2\libc.a(strnlen_P.o)
                0x00002360                strnlen_P
 .text.avr-libc
                0x00002376       0x16 c:/program files (x86)/atmel/studio/7.0/toolchain/avr8/avr8-gnu-toolchain/bin/../lib/gcc/avr/4.9.2/../../../../avr/lib/avrxmega2\libc.a(strnlen.o)
                0x00002376                strnlen
 .text.avr-libc
                0x0000238c       0x70 c:/program files (x86)/atmel/studio/7.0/toolchain/avr8/avr8-gnu-toolchain/bin/../lib/gcc/avr/4.9.2/../../../../avr/lib/avrxmega2\libc.a(fputc.o)
                0x0000238c                fputc
 .text.avr-libc
                0x000023fc       0xbc c:/program files (x86)/atmel/studio/7.0/toolchain/avr8/avr8-gnu-toolchain/bin/../lib/gcc/avr/4.9.2/../../../../avr/lib/avrxmega2\libc.a(ultoa_invert.o)
                0x000023fc                __ultoa_invert
 .text.libgcc.prologue
                0x000024b8       0x32 c:/program files (x86)/atmel/studio/7.0/toolchain/avr8/avr8-gnu-toolchain/bin/../lib/gcc/avr/4.9.2/avrxmega2\libgcc.a(_prologue.o)
                0x000024b8                __prologue_saves__
 .text.libgcc.prologue
                0x000024ea       0x30 c:/program files (x86)/atmel/studio/7.0/toolchain/avr8/avr8-gnu-toolchain/bin/../lib/gcc/avr/4.9.2/avrxmega2\libgcc.a(_epilogue.o)
                0x000024ea                __epilogue_restores__
                0x0000251a                . = ALIGN (0x2)
 *(.fini9)
 .fini9         0x0000251a        0x0 c:/program files (x86)/atmel/studio/7.0/toolchain/avr8/avr8-gnu-toolchain/bin/../lib/gcc/avr/4.9.2/avrxmega2\libgcc.a(_exit.o)
                0x0000251a                _exit
                0x0000251a                exit
 *(.fini9)
 *(.fini8)
 *(.fini8)
 *(.fini7)
 *(.fini7)
 *(.fini6)
 *(.fini6)
 *(.fini5)
 *(.fini5)
 *(.fini4)
 *(.fini4)
 *(.fini3)
 *(.fini3)
 *(.fini2)
 *(.fini2)
 *(.fini1)
 *(.fini1)
 *(.fini0)
 .fini0         0x0000251a        0x4 c:/program files (x86)/atmel/studio/7.0/toolchain/avr8/avr8-gnu-toolchain/bin/../lib/gcc/avr/4.9.2/avrxmega2\libgcc.a(_exit.o)
 *(.fini0)
                0x0000251e                _etext = .

.data           0x00802000       0xb4 load address 0x0000251e
                0x00802000                PROVIDE (__data_start, .)
 *(.data)
 *(.data*)
 .data.udi_api_cdc_data
                0x00802000        0xa src/ASF/common/services/usb/class/cdc/device/udi_cdc.o
                0x00802000                udi_api_cdc_data
 .data.udi_api_cdc_comm
                0x0080200a        0xa src/ASF/common/services/usb/class/cdc/device/udi_cdc.o
                0x0080200a                udi_api_cdc_comm
 .data.udc_string_desc
                0x00802014        0xe src/ASF/common/services/usb/udc/udc.o
 .data.udc_string_desc_languageid
                0x00802022        0x4 src/ASF/common/services/usb/udc/udc.o
 .data.udc_config
                0x00802026        0x6 src/ASF/common/services/usb/class/cdc/device/udi_cdc_desc.o
                0x00802026                udc_config
 .data.udc_config_fs
                0x0080202c        0x4 src/ASF/common/services/usb/class/cdc/device/udi_cdc_desc.o
                0x0080202c                udc_config_fs
 .data.udi_apis
                0x00802030        0x4 src/ASF/common/services/usb/class/cdc/device/udi_cdc_desc.o
                0x00802030                udi_apis
 .data.udc_desc_fs
                0x00802034       0x44 src/ASF/common/services/usb/class/cdc/device/udi_cdc_desc.o
                0x00802034                udc_desc_fs
 .data.udc_device_desc
                0x00802078       0x12 src/ASF/common/services/usb/class/cdc/device/udi_cdc_desc.o
                0x00802078                udc_device_desc
 .data.slave_nr
                0x0080208a        0x1 src/main.o
                0x0080208a                slave_nr
 .data.mystdout
                0x0080208b        0xe src/main.o
 *(.rodata)
 *(.rodata*)
 .rodata.str1.1
                0x00802099       0x1b src/main.o
                                 0x20 (size before relaxing)
 *(.gnu.linkonce.d*)
                0x008020b4                . = ALIGN (0x2)
                0x008020b4                _edata = .
                0x008020b4                PROVIDE (__data_end, .)

.bss            0x008020b4      0x299
                0x008020b4                PROVIDE (__bss_start, .)
 *(.bss)
 *(.bss*)
 .bss.sof_zlp_counter.4921
                0x008020b4        0x2 src/ASF/common/services/usb/class/cdc/device/udi_cdc.o
 .bss.udi_cdc_tx_both_buf_to_send
                0x008020b6        0x1 src/ASF/common/services/usb/class/cdc/device/udi_cdc.o
 .bss.udi_cdc_tx_trans_ongoing
                0x008020b7        0x1 src/ASF/common/services/usb/class/cdc/device/udi_cdc.o
 .bss.udi_cdc_tx_sof_num
                0x008020b8        0x2 src/ASF/common/services/usb/class/cdc/device/udi_cdc.o
 .bss.udi_cdc_tx_buf_sel
                0x008020ba        0x1 src/ASF/common/services/usb/class/cdc/device/udi_cdc.o
 .bss.udi_cdc_tx_buf_nb
                0x008020bb        0x4 src/ASF/common/services/usb/class/cdc/device/udi_cdc.o
 *fill*         0x008020bf        0x1 
 .bss.udi_cdc_tx_buf
                0x008020c0       0x80 src/ASF/common/services/usb/class/cdc/device/udi_cdc.o
 .bss.udi_cdc_rx_trans_ongoing
                0x00802140        0x1 src/ASF/common/services/usb/class/cdc/device/udi_cdc.o
 .bss.udi_cdc_rx_pos
                0x00802141        0x2 src/ASF/common/services/usb/class/cdc/device/udi_cdc.o
 .bss.udi_cdc_rx_buf_sel
                0x00802143        0x1 src/ASF/common/services/usb/class/cdc/device/udi_cdc.o
 .bss.udi_cdc_rx_buf_nb
                0x00802144        0x4 src/ASF/common/services/usb/class/cdc/device/udi_cdc.o
 .bss.udi_cdc_rx_buf
                0x00802148       0x80 src/ASF/common/services/usb/class/cdc/device/udi_cdc.o
 .bss.udi_cdc_data_running
                0x008021c8        0x1 src/ASF/common/services/usb/class/cdc/device/udi_cdc.o
 .bss.udi_cdc_nb_data_enabled
                0x008021c9        0x1 src/ASF/common/services/usb/class/cdc/device/udi_cdc.o
 .bss.udi_cdc_nb_comm_enabled
                0x008021ca        0x1 src/ASF/common/services/usb/class/cdc/device/udi_cdc.o
 *fill*         0x008021cb        0x1 
 .bss.uid_cdc_state_msg
                0x008021cc        0xa src/ASF/common/services/usb/class/cdc/device/udi_cdc.o
 .bss.udi_cdc_state
                0x008021d6        0x2 src/ASF/common/services/usb/class/cdc/device/udi_cdc.o
 .bss.udi_cdc_line_coding
                0x008021d8        0x8 src/ASF/common/services/usb/class/cdc/device/udi_cdc.o
 .bss.udc_ep_status.4617
                0x008021e0        0x2 src/ASF/common/services/usb/udc/udc.o
 .bss.udc_ptr_iface
                0x008021e2        0x2 src/ASF/common/services/usb/udc/udc.o
 .bss.udc_ptr_conf
                0x008021e4        0x2 src/ASF/common/services/usb/udc/udc.o
 .bss.udc_num_configuration
                0x008021e6        0x2 src/ASF/common/services/usb/udc/udc.o
 .bss.udc_iface_setting
                0x008021e8        0x2 src/ASF/common/services/usb/udc/udc.o
 .bss.udc_device_status
                0x008021ea        0x2 src/ASF/common/services/usb/udc/udc.o
 .bss.stdio_usb_interface_enable
                0x008021ec        0x1 src/ASF/common/utils/stdio/stdio_usb/stdio_usb.o
 .bss.b_shortpacket.5343
                0x008021ed        0x1 src/ASF/xmega/drivers/usb/usb_device.o
 .bss.udd_ep_out_cache_buffer
                0x008021ee       0x80 src/ASF/xmega/drivers/usb/usb_device.o
 .bss.udd_ep_job
                0x0080226e       0x24 src/ASF/xmega/drivers/usb/usb_device.o
 .bss.udd_ctrl_buffer
                0x00802292       0x40 src/ASF/xmega/drivers/usb/usb_device.o
 .bss.udd_ctrl_payload_nb_trans
                0x008022d2        0x2 src/ASF/xmega/drivers/usb/usb_device.o
 .bss.udd_ctrl_prev_payload_nb_trans
                0x008022d4        0x2 src/ASF/xmega/drivers/usb/usb_device.o
 .bss.udd_ep_control_state
                0x008022d6        0x1 src/ASF/xmega/drivers/usb/usb_device.o
 *fill*         0x008022d7        0x1 
 .bss.udd_sram  0x008022d8       0x40 src/ASF/xmega/drivers/usb/usb_device.o
 .bss.udd_b_idle
                0x00802318        0x1 src/ASF/xmega/drivers/usb/usb_device.o
 .bss.start_value
                0x00802319        0x1 src/main.o
                0x00802319                start_value
 .bss.SPI_timer
                0x0080231a        0x1 src/main.o
                0x0080231a                SPI_timer
 .bss.SPI_flag  0x0080231b        0x1 src/main.o
                0x0080231b                SPI_flag
 *(COMMON)
 COMMON         0x0080231c       0x10 src/ASF/xmega/drivers/usb/usb_device.o
                0x0080231c                udd_g_ctrlreq
 COMMON         0x0080232c        0x6 src/ASF/common/services/sleepmgr/xmega/sleepmgr.o
                0x0080232c                sleepmgr_locks
 COMMON         0x00802332        0x6 src/CRC.o
                0x00802332                serial_number
 COMMON         0x00802338        0xf src/main.o
                0x00802338                string
                0x00802340                RFID_ID
                0x00802345                PulseWidth
 COMMON         0x00802347        0x6 c:/program files (x86)/atmel/studio/7.0/toolchain/avr8/avr8-gnu-toolchain/bin/../lib/gcc/avr/4.9.2/../../../../avr/lib/avrxmega2\libc.a(iob.o)
                0x00802347                __iob
                0x0080234d                PROVIDE (__bss_end, .)
                0x0000251e                __data_load_start = LOADADDR (.data)
                0x000025d2                __data_load_end = (__data_load_start + SIZEOF (.data))

.noinit         0x0080234d        0x0
                [!provide]                PROVIDE (__noinit_start, .)
 *(.noinit*)
                [!provide]                PROVIDE (__noinit_end, .)
                0x0080234d                _end = .
                0x0080234d                PROVIDE (__heap_start, .)

.eeprom         0x00810000        0x0
 *(.eeprom*)
                0x00810000                __eeprom_end = .

.fuse
 *(.fuse)
 *(.lfuse)
 *(.hfuse)
 *(.efuse)

.lock
 *(.lock*)

.signature
 *(.signature*)

.user_signatures
 *(.user_signatures*)

.stab
 *(.stab)

.stabstr
 *(.stabstr)

.stab.excl
 *(.stab.excl)

.stab.exclstr
 *(.stab.exclstr)

.stab.index
 *(.stab.index)

.stab.indexstr
 *(.stab.indexstr)

.comment        0x00000000       0x5c
 *(.comment)
 .comment       0x00000000       0x30 src/ASF/common/services/usb/class/cdc/device/udi_cdc.o
                                 0x31 (size before relaxing)
 .comment       0x00000030       0x31 src/ASF/common/services/usb/udc/udc.o
 .comment       0x00000030       0x31 src/ASF/common/utils/stdio/stdio_usb/stdio_usb.o
 .comment       0x00000030       0x31 src/ASF/xmega/drivers/usb/usb_device.o
 .comment       0x00000030       0x31 src/ASF/common/services/usb/class/cdc/device/udi_cdc_desc.o
 .comment       0x00000030       0x31 src/ASF/common/services/sleepmgr/xmega/sleepmgr.o
 .comment       0x00000030       0x31 src/ASF/common/services/clock/xmega/sysclk.o
 .comment       0x00000030       0x31 src/ASF/common/boards/user_board/init.o
 .comment       0x00000030       0x31 src/CRC.o
 .comment       0x00000030       0x31 src/main.o
 .comment       0x00000030       0x31 c:/program files (x86)/atmel/studio/7.0/toolchain/avr8/avr8-gnu-toolchain/bin/../lib/gcc/avr/4.9.2/../../../../avr/lib/avrxmega2\libc.a(iob.o)
 .comment       0x00000030       0x31 c:/program files (x86)/atmel/studio/7.0/toolchain/avr8/avr8-gnu-toolchain/bin/../lib/gcc/avr/4.9.2/../../../../avr/lib/avrxmega2\libc.a(printf.o)
 .comment       0x00000030       0x31 c:/program files (x86)/atmel/studio/7.0/toolchain/avr8/avr8-gnu-toolchain/bin/../lib/gcc/avr/4.9.2/../../../../avr/lib/avrxmega2\libc.a(putchar.o)
 .comment       0x00000030       0x2c c:/program files (x86)/atmel/studio/7.0/toolchain/avr8/avr8-gnu-toolchain/bin/../lib/gcc/avr/4.9.2/../../../../avr/lib/avrxmega2\libc.a(vfprintf_std.o)
                                 0x2d (size before relaxing)
 .comment       0x0000005c       0x31 c:/program files (x86)/atmel/studio/7.0/toolchain/avr8/avr8-gnu-toolchain/bin/../lib/gcc/avr/4.9.2/../../../../avr/lib/avrxmega2\libc.a(fputc.o)

.note.gnu.avr.deviceinfo
                0x00000000       0x40
 .note.gnu.avr.deviceinfo
                0x00000000       0x40 C:/Program Files (x86)/Atmel/Studio/7.0/Packs/atmel/XMEGAA_DFP/1.1.68/gcc/dev/atxmega16a4u/avrxmega2/crtatxmega16a4u.o

.note.gnu.build-id
 *(.note.gnu.build-id)

.debug
 *(.debug)

.line
 *(.line)

.debug_srcinfo
 *(.debug_srcinfo)

.debug_sfnames
 *(.debug_sfnames)

.debug_aranges  0x00000000      0x480
 *(.debug_aranges)
 .debug_aranges
                0x00000000      0x170 src/ASF/common/services/usb/class/cdc/device/udi_cdc.o
 .debug_aranges
                0x00000170       0x70 src/ASF/common/services/usb/udc/udc.o
 .debug_aranges
                0x000001e0       0x40 src/ASF/common/utils/stdio/stdio_usb/stdio_usb.o
 .debug_aranges
                0x00000220      0x120 src/ASF/xmega/drivers/usb/usb_device.o
 .debug_aranges
                0x00000340       0x18 src/ASF/common/services/usb/class/cdc/device/udi_cdc_desc.o
 .debug_aranges
                0x00000358       0x18 src/ASF/common/services/sleepmgr/xmega/sleepmgr.o
 .debug_aranges
                0x00000370       0x40 src/ASF/common/services/clock/xmega/sysclk.o
 .debug_aranges
                0x000003b0       0x50 src/ASF/common/boards/user_board/init.o
 .debug_aranges
                0x00000400       0x38 src/CRC.o
 .debug_aranges
                0x00000438       0x48 src/main.o

.debug_pubnames
 *(.debug_pubnames)

.debug_info     0x00000000     0xa563
 *(.debug_info .gnu.linkonce.wi.*)
 .debug_info    0x00000000     0x284f C:/Program Files (x86)/Atmel/Studio/7.0/Packs/atmel/XMEGAA_DFP/1.1.68/gcc/dev/atxmega16a4u/avrxmega2/crtatxmega16a4u.o
 .debug_info    0x0000284f     0x19bc src/ASF/common/services/usb/class/cdc/device/udi_cdc.o
 .debug_info    0x0000420b     0x113c src/ASF/common/services/usb/udc/udc.o
 .debug_info    0x00005347      0x350 src/ASF/common/utils/stdio/stdio_usb/stdio_usb.o
 .debug_info    0x00005697     0x1df1 src/ASF/xmega/drivers/usb/usb_device.o
 .debug_info    0x00007488      0x7bd src/ASF/common/services/usb/class/cdc/device/udi_cdc_desc.o
 .debug_info    0x00007c45      0x121 src/ASF/common/services/sleepmgr/xmega/sleepmgr.o
 .debug_info    0x00007d66      0xb78 src/ASF/common/services/clock/xmega/sysclk.o
 .debug_info    0x000088de      0xe86 src/ASF/common/boards/user_board/init.o
 .debug_info    0x00009764      0x473 src/CRC.o
 .debug_info    0x00009bd7      0x98c src/main.o

.debug_abbrev   0x00000000     0x409a
 *(.debug_abbrev)
 .debug_abbrev  0x00000000     0x262c C:/Program Files (x86)/Atmel/Studio/7.0/Packs/atmel/XMEGAA_DFP/1.1.68/gcc/dev/atxmega16a4u/avrxmega2/crtatxmega16a4u.o
 .debug_abbrev  0x0000262c      0x3e7 src/ASF/common/services/usb/class/cdc/device/udi_cdc.o
 .debug_abbrev  0x00002a13      0x3c5 src/ASF/common/services/usb/udc/udc.o
 .debug_abbrev  0x00002dd8      0x1e0 src/ASF/common/utils/stdio/stdio_usb/stdio_usb.o
 .debug_abbrev  0x00002fb8      0x5c3 src/ASF/xmega/drivers/usb/usb_device.o
 .debug_abbrev  0x0000357b       0xfe src/ASF/common/services/usb/class/cdc/device/udi_cdc_desc.o
 .debug_abbrev  0x00003679       0x80 src/ASF/common/services/sleepmgr/xmega/sleepmgr.o
 .debug_abbrev  0x000036f9      0x291 src/ASF/common/services/clock/xmega/sysclk.o
 .debug_abbrev  0x0000398a      0x220 src/ASF/common/boards/user_board/init.o
 .debug_abbrev  0x00003baa      0x1fc src/CRC.o
 .debug_abbrev  0x00003da6      0x2f4 src/main.o

.debug_line     0x00000000     0x67bb
 *(.debug_line .debug_line.* .debug_line_end)
 .debug_line    0x00000000      0x391 C:/Program Files (x86)/Atmel/Studio/7.0/Packs/atmel/XMEGAA_DFP/1.1.68/gcc/dev/atxmega16a4u/avrxmega2/crtatxmega16a4u.o
 .debug_line    0x00000391      0xf63 src/ASF/common/services/usb/class/cdc/device/udi_cdc.o
 .debug_line    0x000012f4      0x9eb src/ASF/common/services/usb/udc/udc.o
 .debug_line    0x00001cdf      0x5d4 src/ASF/common/utils/stdio/stdio_usb/stdio_usb.o
 .debug_line    0x000022b3     0x14ef src/ASF/xmega/drivers/usb/usb_device.o
 .debug_line    0x000037a2      0x4c6 src/ASF/common/services/usb/class/cdc/device/udi_cdc_desc.o
 .debug_line    0x00003c68      0x455 src/ASF/common/services/sleepmgr/xmega/sleepmgr.o
 .debug_line    0x000040bd      0x770 src/ASF/common/services/clock/xmega/sysclk.o
 .debug_line    0x0000482d      0xa95 src/ASF/common/boards/user_board/init.o
 .debug_line    0x000052c2      0x98b src/CRC.o
 .debug_line    0x00005c4d      0xb6e src/main.o

.debug_frame    0x00000000      0xcec
 *(.debug_frame)
 .debug_frame   0x00000000      0x430 src/ASF/common/services/usb/class/cdc/device/udi_cdc.o
 .debug_frame   0x00000430      0x114 src/ASF/common/services/usb/udc/udc.o
 .debug_frame   0x00000544       0x70 src/ASF/common/utils/stdio/stdio_usb/stdio_usb.o
 .debug_frame   0x000005b4      0x428 src/ASF/xmega/drivers/usb/usb_device.o
 .debug_frame   0x000009dc       0xb0 src/ASF/common/services/clock/xmega/sysclk.o
 .debug_frame   0x00000a8c       0xa4 src/ASF/common/boards/user_board/init.o
 .debug_frame   0x00000b30       0xd8 src/CRC.o
 .debug_frame   0x00000c08       0xe4 src/main.o

.debug_str      0x00000000    0x339c7
 *(.debug_str)
 .debug_str     0x00000000     0x1aa8 C:/Program Files (x86)/Atmel/Studio/7.0/Packs/atmel/XMEGAA_DFP/1.1.68/gcc/dev/atxmega16a4u/avrxmega2/crtatxmega16a4u.o
 .debug_str     0x00001aa8    0x29f15 src/ASF/common/services/usb/class/cdc/device/udi_cdc.o
                              0x2a5d6 (size before relaxing)
 .debug_str     0x0002b9bd      0xabe src/ASF/common/services/usb/udc/udc.o
                              0x28d25 (size before relaxing)
 .debug_str     0x0002c47b      0x572 src/ASF/common/utils/stdio/stdio_usb/stdio_usb.o
                              0x29ba4 (size before relaxing)
 .debug_str     0x0002c9ed     0x531a src/ASF/xmega/drivers/usb/usb_device.o
                              0x2d90e (size before relaxing)
 .debug_str     0x00031d07      0x231 src/ASF/common/services/usb/class/cdc/device/udi_cdc_desc.o
                              0x29c05 (size before relaxing)
 .debug_str     0x00031f38       0x35 src/ASF/common/services/sleepmgr/xmega/sleepmgr.o
                              0x25e96 (size before relaxing)
 .debug_str     0x00031f6d      0x35e src/ASF/common/services/clock/xmega/sysclk.o
                              0x276c4 (size before relaxing)
 .debug_str     0x000322cb     0x1385 src/ASF/common/boards/user_board/init.o
                              0x2c9b6 (size before relaxing)
 .debug_str     0x00033650      0x1db src/CRC.o
                              0x2bd37 (size before relaxing)
 .debug_str     0x0003382b      0x19c src/main.o
                              0x2c3d1 (size before relaxing)

.debug_loc      0x00000000     0x35fa
 *(.debug_loc)
 .debug_loc     0x00000000     0x124c src/ASF/common/services/usb/class/cdc/device/udi_cdc.o
 .debug_loc     0x0000124c      0x4b4 src/ASF/common/services/usb/udc/udc.o
 .debug_loc     0x00001700       0xdd src/ASF/common/utils/stdio/stdio_usb/stdio_usb.o
 .debug_loc     0x000017dd     0x1289 src/ASF/xmega/drivers/usb/usb_device.o
 .debug_loc     0x00002a66      0x37b src/ASF/common/services/clock/xmega/sysclk.o
 .debug_loc     0x00002de1      0x1d5 src/ASF/common/boards/user_board/init.o
 .debug_loc     0x00002fb6      0x3c9 src/CRC.o
 .debug_loc     0x0000337f      0x27b src/main.o

.debug_macinfo
 *(.debug_macinfo)

.debug_weaknames
 *(.debug_weaknames)

.debug_funcnames
 *(.debug_funcnames)

.debug_typenames
 *(.debug_typenames)

.debug_varnames
 *(.debug_varnames)

.debug_pubtypes
 *(.debug_pubtypes)

.debug_ranges   0x00000000      0x430
 *(.debug_ranges)
 .debug_ranges  0x00000000      0x160 src/ASF/common/services/usb/class/cdc/device/udi_cdc.o
 .debug_ranges  0x00000160       0x78 src/ASF/common/services/usb/udc/udc.o
 .debug_ranges  0x000001d8       0x30 src/ASF/common/utils/stdio/stdio_usb/stdio_usb.o
 .debug_ranges  0x00000208      0x140 src/ASF/xmega/drivers/usb/usb_device.o
 .debug_ranges  0x00000348       0x30 src/ASF/common/services/clock/xmega/sysclk.o
 .debug_ranges  0x00000378       0x58 src/ASF/common/boards/user_board/init.o
 .debug_ranges  0x000003d0       0x28 src/CRC.o
 .debug_ranges  0x000003f8       0x38 src/main.o

.debug_macro    0x00000000     0x2b79
 *(.debug_macro)
 .debug_macro   0x00000000      0x299 src/ASF/common/services/usb/class/cdc/device/udi_cdc.o
 .debug_macro   0x00000299       0x97 src/ASF/common/services/usb/class/cdc/device/udi_cdc.o
 .debug_macro   0x00000330      0x228 src/ASF/common/services/usb/class/cdc/device/udi_cdc.o
 .debug_macro   0x00000558       0xf0 src/ASF/common/services/usb/class/cdc/device/udi_cdc.o
 .debug_macro   0x00000648      0x24b src/ASF/common/services/usb/class/cdc/device/udi_cdc.o
 .debug_macro   0x00000893      0x162 src/ASF/common/services/usb/class/cdc/device/udi_cdc.o
 .debug_macro   0x000009f5       0x16 src/ASF/common/services/usb/class/cdc/device/udi_cdc.o
 .debug_macro   0x00000a0b       0x1c src/ASF/common/services/usb/class/cdc/device/udi_cdc.o
 .debug_macro   0x00000a27      0x192 src/ASF/common/services/usb/class/cdc/device/udi_cdc.o
 .debug_macro   0x00000bb9       0x16 src/ASF/common/services/usb/class/cdc/device/udi_cdc.o
 .debug_macro   0x00000bcf      0x1f6 src/ASF/common/services/usb/udc/udc.o
 .debug_macro   0x00000dc5      0x222 src/ASF/common/utils/stdio/stdio_usb/stdio_usb.o
 .debug_macro   0x00000fe7       0x58 src/ASF/common/utils/stdio/stdio_usb/stdio_usb.o
 .debug_macro   0x0000103f       0x10 src/ASF/common/utils/stdio/stdio_usb/stdio_usb.o
 .debug_macro   0x0000104f       0xf2 src/ASF/common/utils/stdio/stdio_usb/stdio_usb.o
 .debug_macro   0x00001141       0x9d src/ASF/common/utils/stdio/stdio_usb/stdio_usb.o
 .debug_macro   0x000011de       0x22 src/ASF/common/utils/stdio/stdio_usb/stdio_usb.o
 .debug_macro   0x00001200      0x2cf src/ASF/xmega/drivers/usb/usb_device.o
 .debug_macro   0x000014cf       0x26 src/ASF/xmega/drivers/usb/usb_device.o
 .debug_macro   0x000014f5      0x46a src/ASF/xmega/drivers/usb/usb_device.o
 .debug_macro   0x0000195f       0x10 src/ASF/xmega/drivers/usb/usb_device.o
 .debug_macro   0x0000196f       0x42 src/ASF/xmega/drivers/usb/usb_device.o
 .debug_macro   0x000019b1      0x20a src/ASF/common/services/usb/class/cdc/device/udi_cdc_desc.o
 .debug_macro   0x00001bbb      0x1a3 src/ASF/common/services/sleepmgr/xmega/sleepmgr.o
 .debug_macro   0x00001d5e      0x1eb src/ASF/common/services/clock/xmega/sysclk.o
 .debug_macro   0x00001f49      0x389 src/ASF/common/boards/user_board/init.o
 .debug_macro   0x000022d2       0x34 src/ASF/common/boards/user_board/init.o
 .debug_macro   0x00002306      0x160 src/ASF/common/boards/user_board/init.o
 .debug_macro   0x00002466      0x37e src/CRC.o
 .debug_macro   0x000027e4      0x395 src/main.o
OUTPUT(rfid_system.elf elf32-avr)
LOAD linker stubs
